     1                                  
     2                                  extern CAR
     3                                  extern BUS
     4                                  extern TRUCK
     5                                  
     6                                  global getRange
     7                                  getRange:
     8                                  section .text
     9 00000000 55                      push rbp
    10 00000001 4889E5                  mov rbp, rsp
    11 00000004 F30F2A4704                  cvtsi2ss xmm0, [rdi+4]  
    12 00000009 F30F104F08                  movss xmm1, [rdi+8]  
    13 0000000E F30F5EC1                    divss xmm0, xmm1 
    14                                  
    15 00000012 C9                      leave
    16 00000013 C3                      ret
    17                                  
    18                                  global Insertion_Sort
    19                                  Insertion_Sort:
    20                                  section .data
    21 00000000 0000000000000000            .pointer dq 0
    22 00000008 00000000                    .length dd 0
    23 0000000C 10000000                    .vehicle_size dd 16
    24 00000010 00000000                    .i dd 0
    25 00000014 00000000                    .j dd 0
    26 00000018 00000000                    .tempval dd 0
    27                                  section .bss
    28 00000000 <res 00000010>              .helper resb 16
    29                                  section .text
    30                                      ;endbr64
    31 00000014 55                          push rbp
    32 00000015 4889E5                      mov rbp,rsp
    33 00000018 E8E3FFFFFF                  call getRange
    34                                      
    35 0000001D C70425[10000000]00-         mov dword[.i],0
    35 00000025 000000             
    36 00000028 48893C25[00000000]          mov [.pointer],rdi
    37 00000030 893425[08000000]            mov dword[.length],esi
    38                                      .loop:
    39 00000037 4831FF                          xor rdi,rdi
    40 0000003A 8B3C25[10000000]                mov edi,dword[.i]
    41 00000041 48C1E704                        shl rdi,4
    42 00000045 48033C25[00000000]              add rdi,[.pointer]
    43 0000004D E8AEFFFFFF                      call getRange
    44 00000052 F30F110425-                     movss dword[.tempval], xmm0
    44 00000057 [18000000]         
    45 0000005B 8B1425[18000000]                mov edx,[.tempval]
    46                                          
    47 00000062 4831F6                          xor rsi,rsi
    48 00000065 4831FF                          xor rdi,rdi
    49 00000068 8B3425[10000000]                mov esi,dword[.i]
    50 0000006F 48C1E604                        shl rsi,4
    51                                          
    52 00000073 48033425[00000000]              add rsi,[.pointer]
    53 0000007B 488B06                          mov rax,[rsi]
    54                                          
    55 0000007E 48890425[00000000]              mov [.helper],rax
    56 00000086 488B4608                        mov rax,[rsi+8]
    57                                          
    58 0000008A 48890425[08000000]              mov [.helper+8],rax
    59                                  
    60                                  
    61                                          
    62 00000092 8B0425[10000000]                mov eax,[.i]
    63 00000099 890425[14000000]                mov [.j],eax
    64                                          .loop2:
    65 000000A0 833C25[14000000]00                  cmp dword[.j],0
    66 000000A8 745B                                je .cont
    67 000000AA 4831FF                              xor rdi,rdi
    68 000000AD 8B3C25[14000000]                    mov edi,dword[.j]
    69 000000B4 4883EF01                            sub rdi,1
    70 000000B8 48C1E704                            shl rdi,4
    71 000000BC 48033C25[00000000]                  add rdi,[.pointer]
    72 000000C4 E837FFFFFF                          call getRange
    73 000000C9 F30F100C25-                         movss xmm1,[.tempval]
    73 000000CE [18000000]         
    74 000000D2 0F2FC1                              comiss xmm0,xmm1
    75 000000D5 772E                                ja .cont
    76 000000D7 4831FF                              xor rdi,rdi
    77 000000DA 8B3C25[14000000]                    mov edi,[.j]
    78 000000E1 48C1E704                            shl rdi,4
    79 000000E5 48033C25[00000000]                  add rdi, [.pointer]
    80 000000ED 488B47F0                            mov rax,[rdi-16]
    81 000000F1 488907                              mov [rdi],rax
    82 000000F4 488B47F8                            mov rax,[rdi-8]
    83 000000F8 48894708                            mov [rdi+8],rax
    84 000000FC FF0C25[14000000]                    dec dword[.j]
    85 00000103 EB9B                                jmp .loop2
    86                                          .cont:
    87 00000105 4831FF                              xor rdi,rdi
    88 00000108 8B3C25[14000000]                    mov edi,[.j]
    89 0000010F 48C1E704                            shl rdi,4
    90 00000113 48033C25[00000000]                  add rdi, [.pointer]
    91 0000011B 488B0425[00000000]                  mov rax,[.helper]
    92 00000123 488907                              mov [rdi],rax
    93 00000126 488B0425[08000000]                  mov rax,[.helper+8]
    94 0000012E 48894708                            mov [rdi+8],rax
    95                                  
    96 00000132 8B0425[08000000]                mov eax, dword[.length]
    97 00000139 FF0425[10000000]                inc dword[.i]
    98 00000140 390425[10000000]                cmp dword[.i],eax
    99 00000147 0F82EAFEFFFF                    jb .loop
   100 0000014D 4889EC                      mov rsp,rbp
   101 00000150 5D                          pop rbp
   102 00000151 C3                          ret
   103                                  
   104                                  
